// Jest Snapshot v1, https://goo.gl/fbAQLP

exports[`Calculator renders correctly 1`] = `
<div>
  <div
    class=" w-[90%] md:w-[80%] md:mt-10 mx-auto py-5 grid md:grid-cols-[1fr_2fr] gap-4 md:gap-10"
  >
    <div>
      <p
        class=" font-bold text-3xl"
      >
        Lets do some math!
      </p>
    </div>
    <div
      class=""
    >
      <div
        class=" w-full bg-slate-600 h-16 flex justify-end items-center text-white p-4 text-2xl"
        data-testid="screen"
      >
        0
      </div>
      <div
        class="grid grid-cols-4"
      >
        <button
          class="false bg-slate-300 py-4 border-l border-b"
          type="button"
        >
          AC
        </button>
        <button
          class="false bg-slate-300 py-4 border-l border-b"
          type="button"
        >
          +/-
        </button>
        <button
          class="false bg-slate-300 py-4 border-l border-b"
          type="button"
        >
          %
        </button>
        <button
          class="false  bg-orange-500 py-4 border-l border-b"
          type="button"
        >
          รท
        </button>
        <button
          class="false bg-slate-300 py-4 border-l border-b"
          type="button"
        >
          7
        </button>
        <button
          class="false bg-slate-300 py-4 border-l border-b"
          type="button"
        >
          8
        </button>
        <button
          class="false bg-slate-300 py-4 border-l border-b"
          type="button"
        >
          9
        </button>
        <button
          class="false  bg-orange-500 py-4 border-l border-b"
          type="button"
        >
          x
        </button>
        <button
          class="false bg-slate-300 py-4 border-l border-b"
          type="button"
        >
          4
        </button>
        <button
          class="false bg-slate-300 py-4 border-l border-b"
          type="button"
        >
          5
        </button>
        <button
          class="false bg-slate-300 py-4 border-l border-b"
          type="button"
        >
          6
        </button>
        <button
          class="false  bg-orange-500 py-4 border-l border-b"
          type="button"
        >
          -
        </button>
        <button
          class="false bg-slate-300 py-4 border-l border-b"
          type="button"
        >
          1
        </button>
        <button
          class="false bg-slate-300 py-4 border-l border-b"
          type="button"
        >
          2
        </button>
        <button
          class="false bg-slate-300 py-4 border-l border-b"
          type="button"
        >
          3
        </button>
        <button
          class="false  bg-orange-500 py-4 border-l border-b"
          type="button"
        >
          +
        </button>
        <button
          class=" col-span-2 bg-slate-300 py-4 border-l border-b"
          type="button"
        >
          0
        </button>
        <button
          class="false bg-slate-300 py-4 border-l border-b"
          type="button"
        >
          .
        </button>
        <button
          class="false  bg-orange-500 py-4 border-l border-b"
          type="button"
        >
          =
        </button>
      </div>
    </div>
  </div>
</div>
`;
